// Jest Snapshot v1, https://goo.gl/fbAQLP

exports[`ManagementController - e2e GET / should return 400 BAD REQUEST when id is not a valid uuid 1`] = `"Validation failed (uuid v 4 is expected)"`;
